// Jest Snapshot v1, https://goo.gl/fbAQLP

exports[`User Should render correctly 1`] = `
ShallowWrapper {
  "length": 1,
  Symbol(enzyme.__root__): [Circular],
  Symbol(enzyme.__unrendered__): <ThemeProvider
    theme={
      Object {
        "brand": "#ff5959",
        "button": Object {
          "default": Object {
            "background": "#ebebeb",
            "color": "rgba(0,0,0,0.7)",
            "hoverBackground": "#e0e0e0",
            "icon": "rgba(0,0,0,0.5)",
          },
          "inverse": Object {
            "background": "#404040",
            "color": "rgba(255,255,255,0.9)",
            "hoverBackground": "#4d4d4d",
            "icon": "rgba(255,255,255,0.9)",
          },
          "primary": Object {
            "background": "#ff5959",
            "color": "rgba(255,255,255,0.9)",
            "hoverBackground": "#ff4545",
            "icon": "rgba(255,255,255,0.9)",
          },
        },
        "common": Object {
          "border": "#e6e6e6",
          "card": "#fff",
          "cardInverse": "#333",
          "header": "#141414",
          "page": "#f5f5f5",
          "radius": 3,
        },
        "danger": "#f1462f",
        "icon": Object {
          "default": "rgba(0,0,0,0.5)",
          "inverse": "rgba(255,255,255,0.9)",
        },
        "input": Object {
          "border": "rgba(0,0,0,0.15)",
          "label": "rgba(0,0,0,0.5)",
        },
        "loader": Object {
          "background": "rgba(0,0,0,0.2)",
          "foreground": "rgba(0,0,0,0.6)",
          "inverseBackground": "rgba(255,255,255,0.1)",
          "inverseForeground": "rgba(255,255,255,0.9)",
        },
        "shadow": Object {
          "level1": "0 0 2px 0 rgba(0,0,0,0.10), 0 2px 2px 0 rgba(0,0,0,0.20)",
          "level2": "0 0 4px 0 rgba(0,0,0,0.10), 0 4px 4px 0 rgba(0,0,0,0.20)",
          "level3": "0 0 8px 0 rgba(0,0,0,0.10), 0 8px 8px 0 rgba(0,0,0,0.20)",
          "level4": "0 0 16px 0 rgba(0,0,0,0.10), 0 16px 16px 0 rgba(0,0,0,0.20)",
          "level5": "0 0 24px 0 rgba(0,0,0,0.10), 0 24px 24px 0 rgba(0,0,0,0.20)",
        },
        "success": "#69b32d",
        "text": Object {
          "default": "rgba(0,0,0,0.85)",
          "highlight": "#ff5959",
          "inverse": "rgba(255,255,255,0.9)",
          "muted": "rgba(0,0,0,0.5)",
        },
        "typography": Object {
          "fontFamily": "Helvetica, Arial, sans-serif",
          "fontSize": 14,
          "lineHeight": 1.2,
        },
      }
    }
  >
    <JssProvider
      jss={
        Jss {
          "generateClassName": [Function],
          "options": Object {
            "Renderer": [Function],
            "createGenerateClassName": [Function],
            "plugins": Array [
              Object {
                "onCreateRule": [Function],
              },
              Object {
                "onCreateRule": [Function],
              },
              Object {
                "onCreateRule": [Function],
              },
              Object {
                "onCreateRule": [Function],
              },
              Object {
                "onCreateRule": [Function],
              },
              Object {
                "onCreateRule": [Function],
              },
              Object {
                "onCreateRule": [Function],
              },
              Object {
                "onCreateRule": [Function],
              },
              Object {
                "onCreateRule": [Function],
              },
              Object {
                "onCreateRule": [Function],
                "onProcessRule": [Function],
              },
              Object {
                "onCreateRule": [Function],
                "onProcessStyle": [Function],
                "onUpdate": [Function],
              },
              Object {
                "onProcessRule": [Function],
              },
              Object {
                "onCreateRule": [Function],
                "onProcessRule": [Function],
              },
              Object {
                "onProcessStyle": [Function],
              },
              Object {
                "onProcessStyle": [Function],
              },
              Object {
                "onProcessStyle": [Function],
              },
              Object {
                "onProcessStyle": [Function],
              },
              Object {
                "onChangeValue": [Function],
                "onProcessStyle": [Function],
              },
              Object {
                "onProcessStyle": [Function],
              },
              Object {
                "onChangeValue": [Function],
                "onProcessRule": [Function],
                "onProcessStyle": [Function],
              },
              Object {
                "onProcessStyle": [Function],
              },
            ],
          },
          "plugins": PluginsRegistry {
            "hooks": Object {
              "onChangeValue": Array [
                [Function],
                [Function],
              ],
              "onCreateRule": Array [
                [Function],
                [Function],
                [Function],
                [Function],
                [Function],
                [Function],
                [Function],
                [Function],
                [Function],
                [Function],
                [Function],
                [Function],
              ],
              "onProcessRule": Array [
                [Function],
                [Function],
                [Function],
                [Function],
              ],
              "onProcessSheet": Array [],
              "onProcessStyle": Array [
                [Function],
                [Function],
                [Function],
                [Function],
                [Function],
                [Function],
                [Function],
                [Function],
                [Function],
              ],
              "onUpdate": Array [
                [Function],
              ],
            },
          },
          "version": "9.3.3",
        }
      }
    >
      <Jss(User)
        actions={null}
        city={null}
        gender={0}
      />
    </JssProvider>
  </ThemeProvider>,
  Symbol(enzyme.__renderer__): Object {
    "batchedUpdates": [Function],
    "getNode": [Function],
    "render": [Function],
    "simulateEvent": [Function],
    "unmount": [Function],
  },
  Symbol(enzyme.__node__): Object {
    "instance": null,
    "key": undefined,
    "nodeType": "class",
    "props": Object {
      "children": <Jss(User)
        actions={null}
        city={null}
        gender={0}
      />,
      "jss": Jss {
        "generateClassName": [Function],
        "options": Object {
          "Renderer": [Function],
          "createGenerateClassName": [Function],
          "plugins": Array [
            Object {
              "onCreateRule": [Function],
            },
            Object {
              "onCreateRule": [Function],
            },
            Object {
              "onCreateRule": [Function],
            },
            Object {
              "onCreateRule": [Function],
            },
            Object {
              "onCreateRule": [Function],
            },
            Object {
              "onCreateRule": [Function],
            },
            Object {
              "onCreateRule": [Function],
            },
            Object {
              "onCreateRule": [Function],
            },
            Object {
              "onCreateRule": [Function],
            },
            Object {
              "onCreateRule": [Function],
              "onProcessRule": [Function],
            },
            Object {
              "onCreateRule": [Function],
              "onProcessStyle": [Function],
              "onUpdate": [Function],
            },
            Object {
              "onProcessRule": [Function],
            },
            Object {
              "onCreateRule": [Function],
              "onProcessRule": [Function],
            },
            Object {
              "onProcessStyle": [Function],
            },
            Object {
              "onProcessStyle": [Function],
            },
            Object {
              "onProcessStyle": [Function],
            },
            Object {
              "onProcessStyle": [Function],
            },
            Object {
              "onChangeValue": [Function],
              "onProcessStyle": [Function],
            },
            Object {
              "onProcessStyle": [Function],
            },
            Object {
              "onChangeValue": [Function],
              "onProcessRule": [Function],
              "onProcessStyle": [Function],
            },
            Object {
              "onProcessStyle": [Function],
            },
          ],
        },
        "plugins": PluginsRegistry {
          "hooks": Object {
            "onChangeValue": Array [
              [Function],
              [Function],
            ],
            "onCreateRule": Array [
              [Function],
              [Function],
              [Function],
              [Function],
              [Function],
              [Function],
              [Function],
              [Function],
              [Function],
              [Function],
              [Function],
              [Function],
            ],
            "onProcessRule": Array [
              [Function],
              [Function],
              [Function],
              [Function],
            ],
            "onProcessSheet": Array [],
            "onProcessStyle": Array [
              [Function],
              [Function],
              [Function],
              [Function],
              [Function],
              [Function],
              [Function],
              [Function],
              [Function],
            ],
            "onUpdate": Array [
              [Function],
            ],
          },
        },
        "version": "9.3.3",
      },
    },
    "ref": null,
    "rendered": Object {
      "instance": null,
      "key": undefined,
      "nodeType": "class",
      "props": Object {
        "actions": null,
        "city": null,
        "gender": 0,
      },
      "ref": null,
      "rendered": null,
      "type": [Function],
    },
    "type": [Function],
  },
  Symbol(enzyme.__nodes__): Array [
    Object {
      "instance": null,
      "key": undefined,
      "nodeType": "class",
      "props": Object {
        "children": <Jss(User)
          actions={null}
          city={null}
          gender={0}
        />,
        "jss": Jss {
          "generateClassName": [Function],
          "options": Object {
            "Renderer": [Function],
            "createGenerateClassName": [Function],
            "plugins": Array [
              Object {
                "onCreateRule": [Function],
              },
              Object {
                "onCreateRule": [Function],
              },
              Object {
                "onCreateRule": [Function],
              },
              Object {
                "onCreateRule": [Function],
              },
              Object {
                "onCreateRule": [Function],
              },
              Object {
                "onCreateRule": [Function],
              },
              Object {
                "onCreateRule": [Function],
              },
              Object {
                "onCreateRule": [Function],
              },
              Object {
                "onCreateRule": [Function],
              },
              Object {
                "onCreateRule": [Function],
                "onProcessRule": [Function],
              },
              Object {
                "onCreateRule": [Function],
                "onProcessStyle": [Function],
                "onUpdate": [Function],
              },
              Object {
                "onProcessRule": [Function],
              },
              Object {
                "onCreateRule": [Function],
                "onProcessRule": [Function],
              },
              Object {
                "onProcessStyle": [Function],
              },
              Object {
                "onProcessStyle": [Function],
              },
              Object {
                "onProcessStyle": [Function],
              },
              Object {
                "onProcessStyle": [Function],
              },
              Object {
                "onChangeValue": [Function],
                "onProcessStyle": [Function],
              },
              Object {
                "onProcessStyle": [Function],
              },
              Object {
                "onChangeValue": [Function],
                "onProcessRule": [Function],
                "onProcessStyle": [Function],
              },
              Object {
                "onProcessStyle": [Function],
              },
            ],
          },
          "plugins": PluginsRegistry {
            "hooks": Object {
              "onChangeValue": Array [
                [Function],
                [Function],
              ],
              "onCreateRule": Array [
                [Function],
                [Function],
                [Function],
                [Function],
                [Function],
                [Function],
                [Function],
                [Function],
                [Function],
                [Function],
                [Function],
                [Function],
              ],
              "onProcessRule": Array [
                [Function],
                [Function],
                [Function],
                [Function],
              ],
              "onProcessSheet": Array [],
              "onProcessStyle": Array [
                [Function],
                [Function],
                [Function],
                [Function],
                [Function],
                [Function],
                [Function],
                [Function],
                [Function],
              ],
              "onUpdate": Array [
                [Function],
              ],
            },
          },
          "version": "9.3.3",
        },
      },
      "ref": null,
      "rendered": Object {
        "instance": null,
        "key": undefined,
        "nodeType": "class",
        "props": Object {
          "actions": null,
          "city": null,
          "gender": 0,
        },
        "ref": null,
        "rendered": null,
        "type": [Function],
      },
      "type": [Function],
    },
  ],
  Symbol(enzyme.__options__): Object {
    "adapter": ReactSixteenAdapter {
      "options": Object {
        "enableComponentDidUpdateOnSetState": true,
      },
    },
  },
}
`;
